             #[ 2 ] IP: 2 SP: 1 FP: 0
0002       | OP_COPY
             #[ 2 ] IP: 3 SP: 1 FP: 0
0003       | OP_FRAME
             [ 2 ][ <P> ] IP: 4 SP: 2 FP: 2
0004     3:9 OP_CONST            1 '0'
             [ 2 ][ <P> ]#[ 0 ] IP: 6 SP: 3 FP: 2
0006       | OP_COPY
             [ 2 ][ <P> ]#[ 0 ] IP: 7 SP: 3 FP: 2
0007    3:12 OP_LOAD_LOCAL D:0   A:0
             [ 2 ][ <P> ]#[ 0 ][ +0 ] IP: 10 SP: 4 FP: 2
0010    3:16 OP_LOAD_LOCAL D:1   A:0
             [ 2 ][ <P> ]#[ 0 ][ +0 ][ +2 ] IP: 13 SP: 5 FP: 2
0013       | OP_ILT
             [ 2 ][ <P> ]#[ 0 ][ true ] IP: 14 SP: 4 FP: 2
0014       | OP_JUMPF         =>   52
             [ 2 ][ <P> ]#[ 0 ] IP: 16 SP: 3 FP: 2
0016       | OP_FRAME
             [ 2 ][ <P> ][ 0 ][ <P> ] IP: 17 SP: 4 FP: 4
0017     4:8 OP_LOAD_LOCAL D:1   A:0
             [ 2 ][ <P> ][ 0 ][ <P> ]#[ +0 ] IP: 20 SP: 5 FP: 4
0020    4:12 OP_CONST            2 '1'
             [ 2 ][ <P> ][ 0 ][ <P> ]#[ +0 ][ 1 ] IP: 22 SP: 6 FP: 4
0022       | OP_EQ
             [ 2 ][ <P> ][ 0 ][ <P> ]#[ false ] IP: 23 SP: 5 FP: 4
0023       | OP_JUMPF         =>   37
             [ 2 ][ <P> ][ 0 ][ <P> ] IP: 37 SP: 4 FP: 4
0037    3:19 OP_LOAD_LOCAL D:1   A:0
             [ 2 ][ <P> ][ 0 ][ <P> ]#[ +0 ] IP: 40 SP: 5 FP: 4
0040    3:19 OP_LOAD_LOCAL D:1   A:0
             [ 2 ][ <P> ][ 0 ][ <P> ]#[ +0 ][ +0 ] IP: 43 SP: 6 FP: 4
0043    3:23 OP_CONST            4 '1'
             [ 2 ][ <P> ][ 0 ][ <P> ]#[ +0 ][ +0 ][ 1 ] IP: 45 SP: 7 FP: 4
0045       | OP_IADD
             [ 2 ][ <P> ][ 0 ][ <P> ]#[ +0 ][ 1 ] IP: 46 SP: 6 FP: 4
0046    3:20 OP_SET
             [ 2 ][ <P> ][ 1 ][ <P> ]#[ +1 ] IP: 47 SP: 5 FP: 4
0047       | OP_POP              1
             [ 2 ][ <P> ][ 1 ][ <P> ] IP: 49 SP: 4 FP: 4
0049       | OP_FRAME_END
             [ 2 ][ <P> ]#[ 1 ] IP: 50 SP: 3 FP: 2
0050       | OP_JUMP          =>    7
             [ 2 ][ <P> ]#[ 1 ] IP: 7 SP: 3 FP: 2
0007    3:12 OP_LOAD_LOCAL D:0   A:0
             [ 2 ][ <P> ]#[ 1 ][ +1 ] IP: 10 SP: 4 FP: 2
0010    3:16 OP_LOAD_LOCAL D:1   A:0
             [ 2 ][ <P> ]#[ 1 ][ +1 ][ +2 ] IP: 13 SP: 5 FP: 2
0013       | OP_ILT
             [ 2 ][ <P> ]#[ 1 ][ true ] IP: 14 SP: 4 FP: 2
0014       | OP_JUMPF         =>   52
             [ 2 ][ <P> ]#[ 1 ] IP: 16 SP: 3 FP: 2
0016       | OP_FRAME
             [ 2 ][ <P> ][ 1 ][ <P> ] IP: 17 SP: 4 FP: 4
0017     4:8 OP_LOAD_LOCAL D:1   A:0
             [ 2 ][ <P> ][ 1 ][ <P> ]#[ +1 ] IP: 20 SP: 5 FP: 4
0020    4:12 OP_CONST            2 '1'
             [ 2 ][ <P> ][ 1 ][ <P> ]#[ +1 ][ 1 ] IP: 22 SP: 6 FP: 4
0022       | OP_EQ
             [ 2 ][ <P> ][ 1 ][ <P> ]#[ true ] IP: 23 SP: 5 FP: 4
0023       | OP_JUMPF         =>   37
             [ 2 ][ <P> ][ 1 ][ <P> ] IP: 25 SP: 4 FP: 4
0025       | OP_FRAME
             [ 2 ][ <P> ][ 1 ][ <P> ][ <P> ] IP: 26 SP: 5 FP: 5
0026    5:17 OP_CONST            3 '`It's 1`'
             [ 2 ][ <P> ][ 1 ][ <P> ][ <P> ]#[ `It's 1` ] IP: 28 SP: 6 FP: 5
0028       | OP_CONST            5 '<P>'
             [ 2 ][ <P> ][ 1 ][ <P> ][ <P> ]#[ `It's 1` ][ <P> ] IP: 30 SP: 7 FP: 5
0030    5:25 OP_CALL     AC:1   RC:0
It's 1
             [ 2 ][ <P> ][ 1 ][ <P> ][ <P> ] IP: 34 SP: 5 FP: 5
0034       | OP_FRAME_END
             [ 2 ][ <P> ][ 1 ][ <P> ] IP: 35 SP: 4 FP: 4
0035       | OP_JUMP          =>   37
             [ 2 ][ <P> ][ 1 ][ <P> ] IP: 37 SP: 4 FP: 4
0037    3:19 OP_LOAD_LOCAL D:1   A:0
             [ 2 ][ <P> ][ 1 ][ <P> ]#[ +1 ] IP: 40 SP: 5 FP: 4
0040    3:19 OP_LOAD_LOCAL D:1   A:0
             [ 2 ][ <P> ][ 1 ][ <P> ]#[ +1 ][ +1 ] IP: 43 SP: 6 FP: 4
0043    3:23 OP_CONST            4 '1'
             [ 2 ][ <P> ][ 1 ][ <P> ]#[ +1 ][ +1 ][ 1 ] IP: 45 SP: 7 FP: 4
0045       | OP_IADD
             [ 2 ][ <P> ][ 1 ][ <P> ]#[ +1 ][ 2 ] IP: 46 SP: 6 FP: 4
0046    3:20 OP_SET
             [ 2 ][ <P> ][ 2 ][ <P> ]#[ +2 ] IP: 47 SP: 5 FP: 4
0047       | OP_POP              1
             [ 2 ][ <P> ][ 2 ][ <P> ] IP: 49 SP: 4 FP: 4
0049       | OP_FRAME_END
             [ 2 ][ <P> ]#[ 2 ] IP: 50 SP: 3 FP: 2
0050       | OP_JUMP          =>    7
             [ 2 ][ <P> ]#[ 2 ] IP: 7 SP: 3 FP: 2
0007    3:12 OP_LOAD_LOCAL D:0   A:0
             [ 2 ][ <P> ]#[ 2 ][ +2 ] IP: 10 SP: 4 FP: 2
0010    3:16 OP_LOAD_LOCAL D:1   A:0
             [ 2 ][ <P> ]#[ 2 ][ +2 ][ +2 ] IP: 13 SP: 5 FP: 2
0013       | OP_ILT
             [ 2 ][ <P> ]#[ 2 ][ false ] IP: 14 SP: 4 FP: 2
0014       | OP_JUMPF         =>   52
             [ 2 ][ <P> ]#[ 2 ] IP: 52 SP: 3 FP: 2
0052       | OP_FRAME_END
             #[ 2 ] IP: 53 SP: 1 FP: 0
0053       | OP_END
